// Jest Snapshot v1, https://goo.gl/fbAQLP

exports[`test 1`] = `
<div>
  <p>
    0
  </p>
  <button
    class="btn"
  >
    Increment!!!
  </button>
  <button
    class="btn"
  >
    Decrement!!!
  </button>
</div>
`;
